// Jest Snapshot v1, https://goo.gl/fbAQLP

exports[`RecipePageNav component renders a .RecipePageNav by default 1`] = `
<div
  className="RecipePageNav"
>
  <NavCircleButton
    className="RecipePageNav__back-button"
    onClick={[Function]}
    role="link"
    tag="button"
  >
    <FontAwesomeIcon
      border={false}
      className=""
      fixedWidth={false}
      flip={null}
      icon="chevron-left"
      inverse={false}
      listItem={false}
      mask={null}
      pull={null}
      pulse={false}
      rotation={null}
      size={null}
      spin={false}
      swapOpacity={false}
      symbol={false}
      title=""
      transform={null}
    />
    <br />
    Back
  </NavCircleButton>
</div>
`;
